2026-04-10 21:36:51 +0000  Initial pipeline context: <IDEDistributionProcessingPipelineContext: 0x76fc2b000; archive(resolved)="<IDEArchive: 0x7326236b0>", distributionTask(resolved)="2", distributionDestination(resolved)="1", distributionMethod(resolved)="<IDEDistributionMethodDevelopmentSigned: 0x72e7a6260>", team(resolved)="<IDEProvisioningDisambiguatableBasicTeam: 0x73d86a100; teamID='HNG8WV554B', teamName='Joao Valente', teamType='Individual', username='side_load2@outlook.com', isFreeProvisioningTeam='0'>">
	Chain (15, self inclusive):
	<IDEDistributionProcessingPipelineContext: 0x76fc2b000; archive = "<IDEArchive: 0x7326236b0>", distributionMethod="<IDEDistributionMethodDevelopmentSigned: 0x72e7a6260>", team="<IDEProvisioningDisambiguatableBasicTeam: 0x73d86a100; teamID='HNG8WV554B', teamName='Joao Valente', teamType='Individual', username='side_load2@outlook.com', isFreeProvisioningTeam='0'>">
	<IDEDistributionProcessingPipelineContext: 0x76fc2a700; archive = "<IDEArchive: 0x7326236b0>", distributionMethod="<IDEDistributionMethodDevelopmentSigned: 0x72e7a6260>", team="<IDEProvisioningDisambiguatableBasicTeam: 0x73d86a100; teamID='HNG8WV554B', teamName='Joao Valente', teamType='Individual', username='side_load2@outlook.com', isFreeProvisioningTeam='0'>">
	<IDEDistributionContext: 0x72f00f700; archive = "<IDEArchive: 0x7326236b0>", distributionMethod="<IDEDistributionMethodDevelopmentSigned: 0x72e7a6260>", team="<IDEProvisioningDisambiguatableBasicTeam: 0x73d86a100; teamID='HNG8WV554B', teamName='Joao Valente', teamType='Individual', username='side_load2@outlook.com', isFreeProvisioningTeam='0'>">
	<IDEDistributionContext: 0x72d869680; archive = "<IDEArchive: 0x7326236b0>", distributionMethod="<IDEDistributionMethodDevelopmentSigned: 0x72e7a6260>", team="<IDEProvisioningDisambiguatableBasicTeam: 0x73d86a100; teamID='HNG8WV554B', teamName='Joao Valente', teamType='Individual', username='side_load2@outlook.com', isFreeProvisioningTeam='0'>">
	<IDEDistributionContext: 0x72d86b200; archive = "<IDEArchive: 0x7326236b0>", distributionMethod="<IDEDistributionMethodDevelopmentSigned: 0x72e7a6260>", team="<IDEProvisioningDisambiguatableBasicTeam: 0x73d86a100; teamID='HNG8WV554B', teamName='Joao Valente', teamType='Individual', username='side_load2@outlook.com', isFreeProvisioningTeam='0'>">
	<IDEDistributionContext: 0x72d86af80; archive = "<IDEArchive: 0x7326236b0>", distributionMethod="<IDEDistributionMethodDevelopmentSigned: 0x72e7a6260>", team="<IDEProvisioningDisambiguatableBasicTeam: 0x73d86a100; teamID='HNG8WV554B', teamName='Joao Valente', teamType='Individual', username='side_load2@outlook.com', isFreeProvisioningTeam='0'>">
	<IDEDistributionContext: 0x72f5f1400; archive = "<IDEArchive: 0x7326236b0>", distributionMethod="<IDEDistributionMethodDevelopmentSigned: 0x72e7a6260>", team="<IDEProvisioningDisambiguatableBasicTeam: 0x73d86a100; teamID='HNG8WV554B', teamName='Joao Valente', teamType='Individual', username='side_load2@outlook.com', isFreeProvisioningTeam='0'>">
	<IDEDistributionContext: 0x72f5f2d00; archive = "<IDEArchive: 0x7326236b0>", distributionMethod="<IDEDistributionMethodDevelopmentSigned: 0x72e7a6260>", team="<IDEProvisioningDisambiguatableBasicTeam: 0x73d86a100; teamID='HNG8WV554B', teamName='Joao Valente', teamType='Individual', username='side_load2@outlook.com', isFreeProvisioningTeam='0'>">
	<IDEDistributionContext: 0x72d868500; archive = "<IDEArchive: 0x7326236b0>", distributionMethod="<IDEDistributionMethodDevelopmentSigned: 0x72e7a6260>", team="<IDEProvisioningDisambiguatableBasicTeam: 0x73d86a100; teamID='HNG8WV554B', teamName='Joao Valente', teamType='Individual', username='side_load2@outlook.com', isFreeProvisioningTeam='0'>">
	<IDEDistributionContext: 0x72d868780; archive = "<IDEArchive: 0x7326236b0>", distributionMethod="<IDEDistributionMethodDevelopmentSigned: 0x72e7a6260>", team="(null)">
	<IDEDistributionContext: 0x72d869b80; archive = "<IDEArchive: 0x7326236b0>", distributionMethod="<IDEDistributionMethodDevelopmentSigned: 0x72e7a6260>", team="(null)">
	<IDEDistributionContext: 0x72d869900; archive = "<IDEArchive: 0x7326236b0>", distributionMethod="<IDEDistributionMethodDevelopmentSigned: 0x72e7a6260>", team="(null)">
	<IDEDistributionContext: 0x72d869e00; archive = "<IDEArchive: 0x7326236b0>", distributionMethod="<IDEDistributionMethodDevelopmentSigned: 0x72e7a6260>", team="(null)">
	<IDEDistributionContext: 0x72de08c80; archive = "<IDEArchive: 0x7326236b0>", distributionMethod="(null)", team="(null)">
	<IDEDistributionContext: 0x72de08a00; archive = "<IDEArchive: 0x7326236b0>", distributionMethod="(null)", team="(null)">
</IDEDistributionProcessingPipelineContext: 0x76fc2b000>
2026-04-10 21:36:51 +0000  Processing step: IDEDistributionCreateDestRootStep
2026-04-10 21:36:51 +0000  Processing step: IDEDistributionCopyItemStep
2026-04-10 21:36:51 +0000  Running /usr/bin/ditto '-V' '/Users/johnval/Library/Developer/Xcode/Archives/2026-04-10/CoreMLLLMChat 4-10-26, 10.10 PM.xcarchive/Products/Applications/CoreMLLLMChat.app' '/var/folders/g7/v5wnjhh11bj805bv90_258hm0000gn/T/XcodeDistPipeline.~~~Zyv6Jz/Root/Payload/CoreMLLLMChat.app'
2026-04-10 21:36:51 +0000  >>> Copying /Users/johnval/Library/Developer/Xcode/Archives/2026-04-10/CoreMLLLMChat 4-10-26, 10.10 PM.xcarchive/Products/Applications/CoreMLLLMChat.app 
2026-04-10 21:36:51 +0000  copying file ./_CodeSignature/CodeResources ... 
2026-04-10 21:36:51 +0000  2969 bytes for ./_CodeSignature/CodeResources
2026-04-10 21:36:51 +0000  copying file ./CoreMLLLMChat ... 
2026-04-10 21:36:51 +0000  2008176 bytes for ./CoreMLLLMChat
2026-04-10 21:36:51 +0000  copying file ./swift-transformers_Hub.bundle/gpt2_tokenizer_config.json ... 
2026-04-10 21:36:51 +0000  234 bytes for ./swift-transformers_Hub.bundle/gpt2_tokenizer_config.json
2026-04-10 21:36:51 +0000  copying file ./swift-transformers_Hub.bundle/t5_tokenizer_config.json ... 
2026-04-10 21:36:51 +0000  20746 bytes for ./swift-transformers_Hub.bundle/t5_tokenizer_config.json
2026-04-10 21:36:51 +0000  copying file ./swift-transformers_Hub.bundle/Info.plist ... 
2026-04-10 21:36:51 +0000  690 bytes for ./swift-transformers_Hub.bundle/Info.plist
2026-04-10 21:36:51 +0000  copying file ./embedded.mobileprovision ... 
2026-04-10 21:36:51 +0000  26366 bytes for ./embedded.mobileprovision
2026-04-10 21:36:51 +0000  copying file ./Info.plist ... 
2026-04-10 21:36:51 +0000  1255 bytes for ./Info.plist
2026-04-10 21:36:51 +0000  copying file ./PkgInfo ... 
2026-04-10 21:36:51 +0000  8 bytes for ./PkgInfo
2026-04-10 21:36:51 +0000  /usr/bin/ditto exited with 0
2026-04-10 21:36:51 +0000  Processing step: IDEDistributionEmbedProfileStep
2026-04-10 21:36:51 +0000  Processing step: IDEDistributionInfoPlistStep
2026-04-10 21:36:51 +0000  Skipping step: IDEDistributionInfoPlistStep because it said so
2026-04-10 21:36:51 +0000  Processing step: IDEDistributionAppThinningPlistStep
2026-04-10 21:36:51 +0000  Skipping step: IDEDistributionAppThinningPlistStep because it said so
2026-04-10 21:36:51 +0000  Processing step: IDEDistributionSymbolsStep
2026-04-10 21:36:51 +0000  Skipping step: IDEDistributionSymbolsStep because it said so
2026-04-10 21:36:51 +0000  Processing step: IDEDistributionAppThinningStep
2026-04-10 21:36:51 +0000  Skipping step: IDEDistributionAppThinningStep because it said so
2026-04-10 21:36:51 +0000  Processing step: IDEDistributionArchThinningStep
2026-04-10 21:36:51 +0000  Archs to thin for item /Users/johnval/Library/Developer/Xcode/Archives/2026-04-10/CoreMLLLMChat 4-10-26, 10.10 PM.xcarchive/Products/Applications/CoreMLLLMChat.app are []
2026-04-10 21:36:51 +0000  Processing step: IDEDistributionODRStep
2026-04-10 21:36:51 +0000  Processing step: IDEDistributionStripXattrsStep
2026-04-10 21:36:51 +0000  Skipping stripping extended attributes because the codesign step will strip them.
2026-04-10 21:36:51 +0000  Processing step: IDEDistributionCodesignStep
2026-04-10 21:36:51 +0000  Entitlements for <IDEDistributionItem: 0x74a580a80; bundleID='com.jv.CoreMLLLMChat', path='<DVTFilePath:0x732410ee0:'/Users/johnval/Library/Developer/Xcode/Archives/2026-04-10/CoreMLLLMChat 4-10-26, 10.10 PM.xcarchive/Products/Applications/CoreMLLLMChat.app'>', codeSigningInfo='<_DVTCodeSigningInformation_Path: 0x74861e2e0; isSigned='1', isAdHocSigned='0', signingCertificate='<DVTSigningCertificate: 0x72e02fcc0; name='Apple Development: Joao Valente (NJ46KD28PD)', hash='F140CFC5D1DD136D0433A035453666708D5A233E', serialNumber='5BF43130E0F8219172E22A61902B2573', certificateKinds='(
    "1.2.840.113635.100.6.1.12",
    "1.2.840.113635.100.6.1.2"
), issueDate='2025-11-30 01:39:45 +0000''>', entitlements='{
    "application-identifier" = "HNG8WV554B.com.jv.CoreMLLLMChat";
    "com.apple.developer.kernel.extended-virtual-addressing" = 1;
    "com.apple.developer.kernel.increased-memory-limit" = 1;
    "com.apple.developer.team-identifier" = HNG8WV554B;
    "get-task-allow" = 1;
}', teamID='HNG8WV554B', identifier='com.jv.CoreMLLLMChat', executablePath='<DVTFilePath:0x747bb3b40:'/Users/johnval/Library/Developer/Xcode/Archives/2026-04-10/CoreMLLLMChat 4-10-26, 10.10 PM.xcarchive/Products/Applications/CoreMLLLMChat.app/CoreMLLLMChat'>', hardenedRuntime='0'>'>: {
    "application-identifier" = "HNG8WV554B.com.jv.CoreMLLLMChat";
    "com.apple.developer.kernel.extended-virtual-addressing" = 1;
    "com.apple.developer.kernel.increased-memory-limit" = 1;
    "com.apple.developer.team-identifier" = HNG8WV554B;
    "get-task-allow" = 1;
}
2026-04-10 21:36:51 +0000  Associated App Clip Identifiers Filter: Skipping because "com.apple.developer.associated-appclip-app-identifiers" is not present
2026-04-10 21:36:51 +0000  Entitlements for <IDEDistributionItem: 0x74a580a80; bundleID='com.jv.CoreMLLLMChat', path='<DVTFilePath:0x732410ee0:'/Users/johnval/Library/Developer/Xcode/Archives/2026-04-10/CoreMLLLMChat 4-10-26, 10.10 PM.xcarchive/Products/Applications/CoreMLLLMChat.app'>', codeSigningInfo='<_DVTCodeSigningInformation_Path: 0x74861e2e0; isSigned='1', isAdHocSigned='0', signingCertificate='<DVTSigningCertificate: 0x73f3903c0; name='Apple Development: Joao Valente (NJ46KD28PD)', hash='F140CFC5D1DD136D0433A035453666708D5A233E', serialNumber='5BF43130E0F8219172E22A61902B2573', certificateKinds='(
    "1.2.840.113635.100.6.1.12",
    "1.2.840.113635.100.6.1.2"
), issueDate='2025-11-30 01:39:45 +0000''>', entitlements='{
    "application-identifier" = "HNG8WV554B.com.jv.CoreMLLLMChat";
    "com.apple.developer.kernel.extended-virtual-addressing" = 1;
    "com.apple.developer.kernel.increased-memory-limit" = 1;
    "com.apple.developer.team-identifier" = HNG8WV554B;
    "get-task-allow" = 1;
}', teamID='HNG8WV554B', identifier='com.jv.CoreMLLLMChat', executablePath='<DVTFilePath:0x747bb3b40:'/Users/johnval/Library/Developer/Xcode/Archives/2026-04-10/CoreMLLLMChat 4-10-26, 10.10 PM.xcarchive/Products/Applications/CoreMLLLMChat.app/CoreMLLLMChat'>', hardenedRuntime='0'>'> are: {
    "application-identifier" = "HNG8WV554B.com.jv.CoreMLLLMChat";
    "com.apple.developer.kernel.extended-virtual-addressing" = 1;
    "com.apple.developer.kernel.increased-memory-limit" = 1;
    "com.apple.developer.team-identifier" = HNG8WV554B;
    "get-task-allow" = 1;
}
2026-04-10 21:36:51 +0000  Writing entitlements for <IDEDistributionItem: 0x74a580a80; bundleID='com.jv.CoreMLLLMChat', path='<DVTFilePath:0x732410ee0:'/Users/johnval/Library/Developer/Xcode/Archives/2026-04-10/CoreMLLLMChat 4-10-26, 10.10 PM.xcarchive/Products/Applications/CoreMLLLMChat.app'>', codeSigningInfo='<_DVTCodeSigningInformation_Path: 0x74861e2e0; isSigned='1', isAdHocSigned='0', signingCertificate='<DVTSigningCertificate: 0x72e1e2340; name='Apple Development: Joao Valente (NJ46KD28PD)', hash='F140CFC5D1DD136D0433A035453666708D5A233E', serialNumber='5BF43130E0F8219172E22A61902B2573', certificateKinds='(
    "1.2.840.113635.100.6.1.12",
    "1.2.840.113635.100.6.1.2"
), issueDate='2025-11-30 01:39:45 +0000''>', entitlements='{
    "application-identifier" = "HNG8WV554B.com.jv.CoreMLLLMChat";
    "com.apple.developer.kernel.extended-virtual-addressing" = 1;
    "com.apple.developer.kernel.increased-memory-limit" = 1;
    "com.apple.developer.team-identifier" = HNG8WV554B;
    "get-task-allow" = 1;
}', teamID='HNG8WV554B', identifier='com.jv.CoreMLLLMChat', executablePath='<DVTFilePath:0x747bb3b40:'/Users/johnval/Library/Developer/Xcode/Archives/2026-04-10/CoreMLLLMChat 4-10-26, 10.10 PM.xcarchive/Products/Applications/CoreMLLLMChat.app/CoreMLLLMChat'>', hardenedRuntime='0'>'> to: /var/folders/g7/v5wnjhh11bj805bv90_258hm0000gn/T/XcodeDistPipeline.~~~Zyv6Jz/entitlements~~~cVAp8J
2026-04-10 21:36:51 +0000  invoking codesign: <NSConcreteTask: 0x744e0fd90; launchPath='/usr/bin/codesign', arguments='(
    "-f",
    "-s",
    F140CFC5D1DD136D0433A035453666708D5A233E,
    "--entitlements",
    "/var/folders/g7/v5wnjhh11bj805bv90_258hm0000gn/T/XcodeDistPipeline.~~~Zyv6Jz/entitlements~~~cVAp8J",
    "--preserve-metadata=identifier,flags,runtime,launch-constraints,library-constraints",
    "--generate-entitlement-der",
    "--strip-disallowed-xattrs",
    "-vvv",
    "/var/folders/g7/v5wnjhh11bj805bv90_258hm0000gn/T/XcodeDistPipeline.~~~Zyv6Jz/Root/Payload/CoreMLLLMChat.app"
)'>
2026-04-10 21:36:51 +0000  codesign output: /var/folders/g7/v5wnjhh11bj805bv90_258hm0000gn/T/XcodeDistPipeline.~~~Zyv6Jz/Root/Payload/CoreMLLLMChat.app: replacing existing signature
/var/folders/g7/v5wnjhh11bj805bv90_258hm0000gn/T/XcodeDistPipeline.~~~Zyv6Jz/Root/Payload/CoreMLLLMChat.app: signed app bundle with Mach-O thin (arm64) [com.jv.CoreMLLLMChat]
2026-04-10 21:36:51 +0000  Processing step: IDEDistributionZipODRItemStep
2026-04-10 21:36:51 +0000  Skipping step: IDEDistributionZipODRItemStep because it said so
2026-04-10 21:36:51 +0000  Processing step: IDEDistributionCreateIPAStep
2026-04-10 21:36:51 +0000  Running /usr/bin/ditto '-V' '-c' '-k' '--norsrc' '/var/folders/g7/v5wnjhh11bj805bv90_258hm0000gn/T/XcodeDistPipeline.~~~Zyv6Jz/Root' '/var/folders/g7/v5wnjhh11bj805bv90_258hm0000gn/T/XcodeDistPipeline.~~~Zyv6Jz/Packages/CoreMLLLMChat.ipa'
2026-04-10 21:36:51 +0000  >>> Copying /var/folders/g7/v5wnjhh11bj805bv90_258hm0000gn/T/XcodeDistPipeline.~~~Zyv6Jz/Root 
2026-04-10 21:36:51 +0000  copying file ./Payload/CoreMLLLMChat.app/_CodeSignature/CodeResources ... 
2026-04-10 21:36:51 +0000  2969 bytes for ./Payload/CoreMLLLMChat.app/_CodeSignature/CodeResources
2026-04-10 21:36:51 +0000  copying file ./Payload/CoreMLLLMChat.app/CoreMLLLMChat ... 
2026-04-10 21:36:52 +0000  2008176 bytes for ./Payload/CoreMLLLMChat.app/CoreMLLLMChat
2026-04-10 21:36:52 +0000  copying file ./Payload/CoreMLLLMChat.app/swift-transformers_Hub.bundle/gpt2_tokenizer_config.json ... 
2026-04-10 21:36:52 +0000  234 bytes for ./Payload/CoreMLLLMChat.app/swift-transformers_Hub.bundle/gpt2_tokenizer_config.json
2026-04-10 21:36:52 +0000  copying file ./Payload/CoreMLLLMChat.app/swift-transformers_Hub.bundle/t5_tokenizer_config.json ... 
2026-04-10 21:36:52 +0000  20746 bytes for ./Payload/CoreMLLLMChat.app/swift-transformers_Hub.bundle/t5_tokenizer_config.json
2026-04-10 21:36:52 +0000  copying file ./Payload/CoreMLLLMChat.app/swift-transformers_Hub.bundle/Info.plist ... 
2026-04-10 21:36:52 +0000  690 bytes for ./Payload/CoreMLLLMChat.app/swift-transformers_Hub.bundle/Info.plist
2026-04-10 21:36:52 +0000  copying file ./Payload/CoreMLLLMChat.app/embedded.mobileprovision ... 
2026-04-10 21:36:52 +0000  26366 bytes for ./Payload/CoreMLLLMChat.app/embedded.mobileprovision
2026-04-10 21:36:52 +0000  copying file ./Payload/CoreMLLLMChat.app/Info.plist ... 
2026-04-10 21:36:52 +0000  1255 bytes for ./Payload/CoreMLLLMChat.app/Info.plist
2026-04-10 21:36:52 +0000  copying file ./Payload/CoreMLLLMChat.app/PkgInfo ... 
2026-04-10 21:36:52 +0000  8 bytes for ./Payload/CoreMLLLMChat.app/PkgInfo
2026-04-10 21:36:52 +0000  /usr/bin/ditto exited with 0
2026-04-10 21:36:52 +0000  Processing step: IDEDistributionAppStoreInformationStep
2026-04-10 21:36:52 +0000  Skipping step: IDEDistributionAppStoreInformationStep because it said so
2026-04-10 21:36:52 +0000  Processing step: IDEDistributionGenerateProcessedDistributionItems
2026-04-10 21:36:52 +0000  IDEDistributionItem init <DVTFilePath:0x72e010070:'/var/folders/g7/v5wnjhh11bj805bv90_258hm0000gn/T/XcodeDistPipeline.~~~Zyv6Jz/Root/Payload/CoreMLLLMChat.app'>
2026-04-10 21:36:52 +0000  Processing step: IDEDistributionCreateManifestStep
